// Vitest Snapshot v1, https://vitest.dev/guide/snapshot.html

exports[`<Main /> > should render the heading 1`] = `
.c0 {
  background-color: #06092b;
  color: #fff;
  width: 100%;
  height: 100%;
  padding: 3rem;
  text-align: center;
  display: flex;
  flex-direction: column;
  align-items: center;
  justify-content: center;
}

<main
  class="c0"
>
  <h1>
    Next and Strapi Boilerplate
  </h1>
  <p>
    Boilerplate
  </p>
</main>
`;
